This is METAFONT, Version 2.7182818 (preloaded base=plain 1776.7.4)  4 JUL 1776 12:00
**test
(test.mf)
*
! Emergency stop.
<*> test
        
End of file on the terminal!


